C:\Users\Mihai\Desktop\OnlineStore\OnlineStore\OnlineStore.Application\Data\OnlineStoreDbContext.cs(73,33): error CS1061: 'Order' does not contain a definition for 'Products' and no accessible extension method 'Products' accepting a first argument of type 'Order' could be found (are you missing a using directive or an assembly reference?) [C:\Users\Mihai\Desktop\OnlineStore\OnlineStore\OnlineStore.Application\OnlineStore.Application.csproj]

Build FAILED.
    6 Warning(s)
    1 Error(s)

Time Elapsed 00:00:02.15
