  Determining projects to restore...
  All projects are up-to-date for restore.
C:\Users\Mihai\Desktop\OnlineStore\OnlineStore\OnlineStore.Domain\Entities\Product.cs(37,19): warning CS8618: Non-nullable field '_name' must contain a non-null value when exiting constructor. Consider adding the 'required' modifier or declaring the field as nullable. [C:\Users\Mihai\Desktop\OnlineStore\OnlineStore\OnlineStore.Domain\OnlineStore.Domain.csproj]
  OnlineStore.Domain -> C:\Users\Mihai\Desktop\OnlineStore\OnlineStore\OnlineStore.Domain\bin\Debug\net10.0\OnlineStore.Domain.dll
  OnlineStore.Application -> C:\Users\Mihai\Desktop\OnlineStore\OnlineStore\OnlineStore.Application\bin\Debug\net10.0\OnlineStore.Application.dll
C:\Users\Mihai\Desktop\OnlineStore\OnlineStore\OnlineStore.WebUI\Controllers\AdminController.cs(37,20): warning CS8603: Possible null reference return. [C:\Users\Mihai\Desktop\OnlineStore\OnlineStore\OnlineStore.WebUI\OnlineStore.WebUI.csproj]
C:\Users\Mihai\Desktop\OnlineStore\OnlineStore\OnlineStore.WebUI\Controllers\AdminController.cs(81,34): warning CS8600: Converting null literal or possible null value to non-nullable type. [C:\Users\Mihai\Desktop\OnlineStore\OnlineStore\OnlineStore.WebUI\OnlineStore.WebUI.csproj]
C:\Users\Mihai\Desktop\OnlineStore\OnlineStore\OnlineStore.WebUI\Views\Shared\_Layout.cshtml(40,32): error CS0103: The name '_userRepo' does not exist in the current context [C:\Users\Mihai\Desktop\OnlineStore\OnlineStore\OnlineStore.WebUI\OnlineStore.WebUI.csproj]
C:\Users\Mihai\Desktop\OnlineStore\OnlineStore\OnlineStore.WebUI\Views\Shared\_Layout.cshtml(28,35): warning CS8602: Dereference of a possibly null reference. [C:\Users\Mihai\Desktop\OnlineStore\OnlineStore\OnlineStore.WebUI\OnlineStore.WebUI.csproj]
C:\Users\Mihai\Desktop\OnlineStore\OnlineStore\OnlineStore.WebUI\Views\Shared\_Layout.cshtml(40,61): warning CS8604: Possible null reference argument for parameter 'input' in 'Guid Guid.Parse(string input)'. [C:\Users\Mihai\Desktop\OnlineStore\OnlineStore\OnlineStore.WebUI\OnlineStore.WebUI.csproj]

Build FAILED.

C:\Users\Mihai\Desktop\OnlineStore\OnlineStore\OnlineStore.Domain\Entities\Product.cs(37,19): warning CS8618: Non-nullable field '_name' must contain a non-null value when exiting constructor. Consider adding the 'required' modifier or declaring the field as nullable. [C:\Users\Mihai\Desktop\OnlineStore\OnlineStore\OnlineStore.Domain\OnlineStore.Domain.csproj]
C:\Users\Mihai\Desktop\OnlineStore\OnlineStore\OnlineStore.WebUI\Controllers\AdminController.cs(37,20): warning CS8603: Possible null reference return. [C:\Users\Mihai\Desktop\OnlineStore\OnlineStore\OnlineStore.WebUI\OnlineStore.WebUI.csproj]
C:\Users\Mihai\Desktop\OnlineStore\OnlineStore\OnlineStore.WebUI\Controllers\AdminController.cs(81,34): warning CS8600: Converting null literal or possible null value to non-nullable type. [C:\Users\Mihai\Desktop\OnlineStore\OnlineStore\OnlineStore.WebUI\OnlineStore.WebUI.csproj]
C:\Users\Mihai\Desktop\OnlineStore\OnlineStore\OnlineStore.WebUI\Views\Shared\_Layout.cshtml(28,35): warning CS8602: Dereference of a possibly null reference. [C:\Users\Mihai\Desktop\OnlineStore\OnlineStore\OnlineStore.WebUI\OnlineStore.WebUI.csproj]
C:\Users\Mihai\Desktop\OnlineStore\OnlineStore\OnlineStore.WebUI\Views\Shared\_Layout.cshtml(40,61): warning CS8604: Possible null reference argument for parameter 'input' in 'Guid Guid.Parse(string input)'. [C:\Users\Mihai\Desktop\OnlineStore\OnlineStore\OnlineStore.WebUI\OnlineStore.WebUI.csproj]
C:\Users\Mihai\Desktop\OnlineStore\OnlineStore\OnlineStore.WebUI\Views\Shared\_Layout.cshtml(40,32): error CS0103: The name '_userRepo' does not exist in the current context [C:\Users\Mihai\Desktop\OnlineStore\OnlineStore\OnlineStore.WebUI\OnlineStore.WebUI.csproj]
    5 Warning(s)
    1 Error(s)

Time Elapsed 00:00:03.20
